    [3;32mfoo[0m
    [3;32mbar[0m
    [3;32m===[0m
