[34mfoo[0m[34m[1][0m

[34m[1]: /url the title[0m
