[34mFoo[0m[34m*[0m[34mbar[0m[34m][0m[34m[1][0m

[34m[1]: my_(url) title (with parens)[0m
