[34mFoo bar[0m[34m[1][0m

[34m[1]: my url title[0m
