[34mfoo[0m[34m[1][0m

[34m[1]: /url 
title
line1
line2
[0m
