[34mÎ±Î³Ï‰[0m[34m[1][0m

[34m[1]: /Ï†Î¿Ï… [0m
