[1;34mâ”„[0m[1;34mbar[0m

[34mfoo[0m[34m[1][0m

[34m[1]: /url [0m
