[34mfoo[0m[34m[1][0m

[34m[1]: /bar* ti*tle[0m
