[3mfoo [0m[34mbar[0m[3;34m[1][0m

[34m[1]: /url [0m
