_foo [34mbar[0m[34m_[0m[34m[1][0m

[34m[1]: /url [0m
