[34mlink[0m[34m[1][0m

[34m[1]: /my uri [0m
