[34mlink[0m[34m[1][0m

[34m[1]: foo(and(bar)) [0m
