[34mlink[0m[34m[1][0m

[34m[1]: foo%20b√§ [0m
