[34mlink[0m[34m[1][0m

[34m[1]: "title" [0m
