[34mlink[0m[34m[1][0m
[34mlink[0m[34m[2][0m
[34mlink[0m[34m[3][0m

[34m[1]: /url title[0m
[34m[2]: /url title[0m
[34m[3]: /url title[0m
