[34mlink[0m[34m[1][0m

[34m[1]: /url title "and" title[0m
