[34mlink[0m[34m[1][0m

[34m[1]: /uri title[0m
