[foo [34mbar[0m[34m[1][0m](/uri)

[34m[1]: /uri [0m
