[foo [3m[[0m[3mbar [0m[3;34mbaz[0m[3;34m[1][0m[3m][0m[3m(/uri)[0m](/uri)

[34m[1]: /uri [0m
