[34mfoo [0m[34m*[0m[34mbar[0m[34m[1][0m

[34m[1]: baz* [0m
