[34mlink [0m[34m[[0m[34mfoo [0m[34m[[0m[34mbar[0m[34m][0m[34m][0m[34m[1][0m

[34m[1]: /uri [0m
