[foo [34mbar[0m[34m[1][0m][34mref[0m[34m[2][0m

[34m[1]: /uri [0m
[34m[2]: /uri [0m
