[34m–¢–æ–ª–ø–æ–π[0m[34m[1][0m is a Russian word.

[34m[1]: /url [0m
