[3;34mfoo[0m[34m bar[0m[34m[1][0m

[34m[1]: /url title[0m
