[34mfoo[0m[34m[1][0m bar

[34m[1]: /url [0m
