[34mfoo[0m[34m[1][0m(not a link)

[34m[1]: /url1 [0m
