[34mfoo[0m[34m[1][0m[34mbaz[0m[34m[2][0m

[34m[1]: /url2 [0m
[34m[2]: /url1 [0m
