[34mhttp://foo.bar.baz/test?q=hello&id=22&boolean[0m
