<!DOCTYPE HTML PUBLIC "-//W3C//DTD HTML 4.01 Transitional//EN" "http://www.w3.org/TR/html4/loose.dtd">
<html>
<head>
<meta http-equiv="Content-Type" content="text/html; charset=utf8">
<title></title>
<style type="text/css">
.ansi2html-content { display: inline; white-space: pre-wrap; word-wrap: break-word; }
.body_foreground { color: #AAAAAA; }
.body_background { background-color: #000000; }
.body_foreground > .bold,.bold > .body_foreground, body.body_foreground > pre > .bold { color: #FFFFFF; font-weight: normal; }
.inv_foreground { color: #000000; }
.inv_background { background-color: #AAAAAA; }
.ansi32 { color: #00aa00; }
.ansi33 { color: #aa5500; }
.ansi34 { color: #0000aa; }
.ansi36 { color: #00aaaa; }
</style>
</head>
<body class="body_foreground body_background" style="font-size: normal;" >
<pre class="ansi2html-content">
<span id="line-0">Code blocks without syntax highlighting:</span>
<span id="line-1"></span>
<span id="line-2"><span class="ansi32">────────────────────</span></span>
<span id="line-3"><span class="ansi33">Some plain</span>
<span id="line-4"></span><span class="ansi33">code block</span>
<span id="line-5"></span><span class="ansi33">   fooo</span>
<span id="line-6"></span><span class="ansi32">────────────────────</span></span>
<span id="line-7"></span>
<span id="line-8">Or with syntax highlighting, eg, Rust:</span>
<span id="line-9"></span>
<span id="line-10"><span class="ansi32">────────────────────</span></span>
<span id="line-11"><span class="ansi34">fn</span> <span class="ansi33">main</span>() {</span>
<span id="line-12">    <span class="ansi32">println!</span>("<span class="ansi36">Hello world</span>")</span>
<span id="line-13">}</span>
<span id="line-14"><span class="ansi32">────────────────────</span></span>
<span id="line-15"></span>
<span id="line-16">Or Scala:</span>
<span id="line-17"></span>
<span id="line-18"><span class="ansi32">────────────────────</span></span>
<span id="line-19"><span class="ansi34">object</span> <span class="ansi33">HelloWorld</span> {</span>
<span id="line-20">  <span class="ansi34">def</span> <span class="ansi33">main</span>(<span class="ansi34">args</span>: <span class="ansi32">Array</span>[<span class="ansi32">String</span>]): <span class="ansi34">Unit</span> = {</span>
<span id="line-21">    println("<span class="ansi36">Hello, world!</span>")</span>
<span id="line-22">  }</span>
<span id="line-23">}</span>
<span id="line-24"><span class="ansi32">────────────────────</span></span>
<span id="line-25"></span>

</pre>
</body>

</html>
